[www.wellysis.com/index.html]
[www.wellysis.com/apple-icon-57x57.png]
[www.wellysis.com/apple-icon-60x60.png]
[www.wellysis.com/apple-icon-72x72.png]
[www.wellysis.com/apple-icon-76x76.png]
[www.wellysis.com/apple-icon-114x114.png]
[www.wellysis.com/apple-icon-120x120.png]
[www.wellysis.com/apple-icon-144x144.png]
[www.wellysis.com/apple-icon-152x152.png]
[www.wellysis.com/apple-icon-180x180.png]
[www.wellysis.com/android-icon-192x192.png]
[www.wellysis.com/favicon-32x32.png]
[www.wellysis.com/favicon-96x96.png]
[www.wellysis.com/favicon-16x16.png]
[www.wellysis.com/manifest.json]
[www.wellysis.com/ms-icon-144x144.png]
[backblue.gif]
[fade.gif]
[index.html]
[www.wellysis.com/theme/wellysis/css/mobileaa39.css]
[www.wellysis.com/js/font-awesome/css/font-awesome.minaa39.css]
[www.wellysis.com/js/owlcarousel/owl.carousel.minaa39.css]
[www.wellysis.com/js/tooltipster/tooltipster.bundle.minaa39.css]
[www.wellysis.com/favicon5e1f.ico]
[use.fontawesome.com/releases/v5.1.1/css/all.css]
[cdn.jsdelivr.net/npm/xeicon@2.3.3/xeicon.min.css]
[cdnjs.cloudflare.com/ajax/libs/Swiper/8.4.7/swiper-bundle.min.css]
[www.wellysis.com/css/j_reset.css]
[www.wellysis.com/css/j_style.css]
[www.wellysis.com/css/interwise_all_board.css]
[www.wellysis.com/css/k_all_board.css]
[www.wellysis.com/css/j_sub_en.css]
[cdnjs.cloudflare.com/ajax/libs/gsap/3.12.1/gsap.min.js]
[cdnjs.cloudflare.com/ajax/libs/ScrollTrigger/1.0.6/ScrollTrigger.min.js]
[www.wellysis.com/js/j_main.js]
[cdnjs.cloudflare.com/ajax/libs/Swiper/8.4.7/swiper-bundle.min.js]
[code.jquery.com/jquery-latest.js]
[wcs.naver.net/wcslog.js]
[www.wellysis.com/js/jquery-1.12.4.minb519.js]
[www.wellysis.com/js/jquery-migrate-1.4.1.minb519.js]
[www.wellysis.com/js/jquery.menub519.js]
[www.wellysis.com/js/commonb519.js]
[www.wellysis.com/js/wrestb519.js]
[www.wellysis.com/js/placeholders.minb519.js]
[www.wellysis.com/js/modernizr.custom.70111b519.js]
[www.wellysis.com/js/owlcarousel/owl.carousel.minb519.js]
[www.wellysis.com/js/tooltipster/tooltipster.bundle.minb519.js]
[www.wellysis.com/img/logo/hd_logo_m_w.png]
[www.wellysis.com/img/logo/hd_logo_m_b.png]
[www.wellysis.com/page/page0101.html]
[www.wellysis.com/page/page0102.html]
[www.wellysis.com/bbs/board3c8d.html]
[www.wellysis.com/page/page0201.html]
[www.wellysis.com/page/page0202_ex.html]
[www.wellysis.com/page/page0203.html]
[www.wellysis.com/page/page0204.html]
[www.wellysis.com/bbs/board71db.html]
[www.wellysis.com/bbs/board60f5.html]
[www.wellysis.com/bbs/boardc619.html]
[www.wellysis.com/bbs/boardb8bd.html]
[www.wellysis.com/bbs/board8ee1.html]
[www.wellysis.com/bbs/write9639.html]
[www.wellysis.com/page/page0503.html]
[www.wellysis.com/index-2.html]
[www.wellysis.com/img/icon/hd_down_icon.png]
[www.wellysis.com/page/page06.html]
[www.wellysis.com/img/icon/close.png]
[www.wellysis.com/video/visual_mv.mp4]
[www.wellysis.com/img/icon/btn_icon_b.png]
[www.wellysis.com/img/icon/btn_icon_c.png]
[www.wellysis.com/bbs/writeb23f.html]
[www.wellysis.com/img/main/main01_img01.png]
[www.wellysis.com/img/main/main01_img02.png]
[www.wellysis.com/img/main/main01_img03.png]
[www.wellysis.com/img/main/main01_img04.png]
[www.wellysis.com/img/main/main02_logo.png]
[www.wellysis.com/img/icon/p_arrow.png]
[www.wellysis.com/img/main/main02_img01.jpg]
[www.wellysis.com/img/main/main02_img02.jpg]
[www.wellysis.com/img/main/main02_img03.jpg]
[www.wellysis.com/img/main/main02_img04.jpg]
[www.wellysis.com/img/main/inv_img01.png]
[www.wellysis.com/img/main/inv_img02.png]
[www.wellysis.com/img/main/inv_img03.png]
[www.wellysis.com/img/main/inv_img04.png]
[www.wellysis.com/img/main/inv_img05.png]
[www.wellysis.com/img/main/par_img01.png]
[www.wellysis.com/img/main/par_img02.png]
[www.wellysis.com/img/main/par_img03.png]
[www.wellysis.com/img/main/par_img04.png]
[www.wellysis.com/img/main/par_img11.png]
[www.wellysis.com/img/main/par_img05.png]
[www.wellysis.com/img/main/par_img06.png]
[www.wellysis.com/img/main/par_img07.png]
[www.wellysis.com/img/main/par_img08.png]
[www.wellysis.com/img/main/par_img09.png]
[www.wellysis.com/img/main/par_img10.png]
[www.wellysis.com/img/icon/w_arrow.png]
[www.wellysis.com/bbs/boarddd21.html]
[www.wellysis.com/data/file/news/thumb-55712dd0834503cfed97b4e5a13473f9_qtKC40nh_f147f979711aea4b3d89132e8c1b1604fa6b80e3_455x320.jpg]
[www.wellysis.com/bbs/board66b8.html]
[www.wellysis.com/data/file/news/thumb-15_copy_30_b9e6864c45d02520746364a123d659e2_bg3T2FPU_9258041015d513cf07d02f74d5103b2a1e30c0a1_455x320.jpg]
[www.wellysis.com/bbs/board3111.html]
[www.wellysis.com/data/file/news/thumb-b9e6864c45d02520746364a123d659e2_61is9lpj_cdfc4ea01916bc80f0f5d29ee505b8023c3a3e29_455x320.jpg]
[www.wellysis.com/bbs/board2c99.html]
[www.wellysis.com/data/file/news/thumb-b9e6864c45d02520746364a123d659e2_pHCPqJ6N_3be46f2fed68bcf07b0c0cd78e765ed5a00b3035_455x320.jpg]
[www.wellysis.com/bbs/boarda454.html]
[www.wellysis.com/data/file/news/thumb-b9e6864c45d02520746364a123d659e2_rcRyhJeT_07b9e875453b999b0b75e4eca9ce840176e43023_455x320.jpg]
[www.wellysis.com/bbs/boardf989.html]
[www.wellysis.com/data/file/news/thumb-b9e6864c45d02520746364a123d659e2_QwLp5Bkt_4472d7c27ede94a876e446200f955db14710ef58_455x320.jpg]
[www.wellysis.com/bbs/board3111-2.html]
[www.wellysis.com/data/file/news/thumb-b9e6864c45d02520746364a123d659e2_NQyjlDuU_56ee9043a7ca0e385a6cf040f47dc6aa42a32374_455x320.jpg]
[www.wellysis.com/bbs/board44f2.html]
[www.wellysis.com/data/file/news/thumb-b9e6864c45d02520746364a123d659e2_Mr41ATWX_a8d1c78bfd36e079a1f531ad480f9bf414dbafe1_455x320.jpg]
[www.wellysis.com/img/icon/side_bar_icon.png]
[www.wellysis.com/download/wellysis_brochure_kr.pdf]
[www.wellysis.com/img/icon/down_arrow.png]
[www.wellysis.com/img/icon/you_icon.png]
[www.wellysis.com/img/icon/in_icon.png]
[www.wellysis.com/index.html]
[www.wellysis.com/bbs/loginfc6c.html]
[www.wellysis.com/theme/wellysis/img/mobile/gnb_bg2.png]
[www.wellysis.com/theme/wellysis/img/mobile/gnb_bg.png]
[www.wellysis.com/img/captcha2.png]
[www.wellysis.com/theme/wellysis/img/require.png]
[www.wellysis.com/theme/wellysis/img/btn_first.gif]
[www.wellysis.com/theme/wellysis/img/btn_prev.gif]
[www.wellysis.com/theme/wellysis/img/btn_end.gif]
[www.wellysis.com/theme/wellysis/img/btn_next.gif]
[www.wellysis.com/theme/wellysis/css/mobileaa39.css]
[www.wellysis.com/js/font-awesome/fonts/fontawesome-webfont3e6e.eot]
[www.wellysis.com/js/font-awesome/fonts/fontawesome-webfontd41d.eot]
[www.wellysis.com/js/font-awesome/fonts/fontawesome-webfont3e6e.woff]
[www.wellysis.com/js/font-awesome/fonts/fontawesome-webfont3e6e.ttf]
[www.wellysis.com/js/font-awesome/css/font-awesome.minaa39.css]
[www.wellysis.com/theme/wellysis/mobile/skin/latest/news/style1b26.html]
[www.wellysis.com/js/owlcarousel/owl.video.play.png]
[www.wellysis.com/js/owlcarousel/owl.carousel.minaa39.css]
[www.wellysis.com/js/tooltipster/tooltipster.bundle.minaa39.css]
[use.fontawesome.com/releases/v5.1.1/css/all.css]
[cdn.jsdelivr.net/npm/xeicon@2.3.3/fonts/xeicon75d5.eot]
[cdn.jsdelivr.net/npm/xeicon@2.3.3/fonts/xeicon75d5.woff2]
[cdn.jsdelivr.net/npm/xeicon@2.3.3/fonts/xeicon75d5.ttf]
[cdn.jsdelivr.net/npm/xeicon@2.3.3/fonts/xeicon75d5.woff]
[cdn.jsdelivr.net/npm/xeicon@2.3.3/xeicon.min.css]
[cdnjs.cloudflare.com/ajax/libs/Swiper/8.4.7/swiper-bundle.min.css]
[cdn.jsdelivr.net/npm/xeicon@2.3.3/fonts/xeicon75d5.svg]
[www.wellysis.com/font/Poppins-ExtraBold.ttf]
[www.wellysis.com/font/Poppins-Bold.ttf]
[www.wellysis.com/font/Poppins-SemiBold.ttf]
[www.wellysis.com/font/Poppins-Medium.ttf]
[www.wellysis.com/font/Poppins-Regular.ttf]
[www.wellysis.com/css/j_reset.css]
[www.wellysis.com/css/j_style.css]
[www.wellysis.com/img/btn_next.gif]
[www.wellysis.com/img/btn_prev.gif]
[www.wellysis.com/css/interwise_all_board.css]
[www.wellysis.com/img/chk.png]
[www.wellysis.com/css/k_all_board.css]
[www.wellysis.com/css/j_sub_en.css]
[www.wellysis.com/bbs/index.html]
[www.wellysis.com/theme/wellysis/mobile/skin/latest/news/latest.carousel1b26.html]
[www.wellysis.com/img/logo/hd_logo.svg]
[www.wellysis.com/img/logo/hd_logo_b.svg]
[www.wellysis.com/css/j_sub.css]
[www.wellysis.com/js/j_sub.js]
[www.wellysis.com/img/sub/page01/page0101/motion.mp4]
[www.wellysis.com/img/sub/page01/page0101/motion_thum.png]
[www.wellysis.com/img/sub/page01/page0101/con2_circle.png]
[www.wellysis.com/img/sub/page01/page0101/con2_circle_m.png]
[www.wellysis.com/page/page0101.html]
[www.wellysis.com/img/sub/sub_top_arrow.png]
[www.wellysis.com/img/sub/page01/page0102/profile01.jpg]
[www.wellysis.com/img/sub/page01/page0102/profile04.jpg]
[www.wellysis.com/img/sub/page01/page0102/profile02.jpg]
[www.wellysis.com/img/sub/page01/page0102/profile03.jpg]
[www.wellysis.com/img/sub/page01/page0102/wtz01.png]
[www.wellysis.com/img/sub/page01/page0102/wtz02.png]
[www.wellysis.com/img/sub/page01/page0102/wtz03.png]
[www.wellysis.com/img/sub/page01/page0102/wtz04.png]
[www.wellysis.com/img/sub/page01/page0102/wtz05.png]
[www.wellysis.com/img/sub/page01/page0102/wtz06.png]
[www.wellysis.com/img/sub/page01/page0102/wtz07.png]
[www.wellysis.com/img/sub/page01/page0102/wtz08.png]
[www.wellysis.com/page/page0102.html]
[www.wellysis.com/theme/wellysis/mobile/skin/board/cert/styleaa39.css]
[www.wellysis.com/bbs/board19f2.html]
[www.wellysis.com/bbs/board362f.html]
[www.wellysis.com/data/file/cert/b9e6864c45d02520746364a123d659e2_xvHlRXGC_4e10a6b7b31beb9a098099907b8580569059153d.png]
[www.wellysis.com/data/file/cert/b9e6864c45d02520746364a123d659e2_AKM7oaTI_7c7a73dc2ffe52a7d0fb2c0a6954199992ea3b46.png]
[www.wellysis.com/data/file/cert/b9e6864c45d02520746364a123d659e2_tARxZo9b_022512d9155700bc5cf7ae5817ecd907d454b015.png]
[www.wellysis.com/data/file/cert/b9e6864c45d02520746364a123d659e2_gvSLRxWc_dbc26c72d972fd878ed28856f05a5d372254d0f5.png]
[www.wellysis.com/data/file/cert/b9e6864c45d02520746364a123d659e2_guHR40AB_5c376e61172248601c2f2280375dd2a92920e1fb.png]
[www.wellysis.com/data/file/cert/b9e6864c45d02520746364a123d659e2_n6xvIpdE_53a7ad273046ef9d1b6b263b35195c2e3fdac11d.png]
[www.wellysis.com/data/file/cert/b9e6864c45d02520746364a123d659e2_Y386r7xj_41d0a064132c50e5fbadf68e2a134ec270f56bc6.png]
[www.wellysis.com/data/file/cert/b9e6864c45d02520746364a123d659e2_lNKBUy1o_c25b7e177ba5a49e4c7df7df67a5db8b5361b72b.png]
[www.wellysis.com/bbs/board3c8d.html]
[www.wellysis.com/img/sub/page02/page0201/sv_0201.jpg]
[www.wellysis.com/img/sub/page02/page0201/con1.png]
[www.wellysis.com/img/sub/page02/page0201/con2_logo_1.png]
[www.wellysis.com/img/sub/page02/page0201/con2_logo_2.png]
[www.wellysis.com/img/sub/page02/page0201/con3_mov1.mp4]
[www.wellysis.com/img/sub/page02/page0201/con3_icon1.png]
[www.wellysis.com/img/sub/page02/page0201/con3_icon2.png]
[www.wellysis.com/img/sub/page02/page0201/con3_icon3.png]
[www.wellysis.com/img/sub/page02/page0201/con3_icon4.png]
[www.wellysis.com/img/sub/page02/page0201/con3_mov2.mp4]
[www.wellysis.com/img/sub/page02/page0201/con3_icon5.png]
[www.wellysis.com/img/sub/page02/page0201/con3_icon6.png]
[www.wellysis.com/img/sub/page02/page0201/con3_icon7.png]
[www.wellysis.com/img/sub/page02/page0201/con3_icon8.png]
[www.wellysis.com/img/sub/page02/page0201/con3_mov3.mp4]
[www.wellysis.com/img/sub/page02/page0201/con3_icon9.png]
[www.wellysis.com/img/sub/page02/page0201/con3_icon10.png]
[www.wellysis.com/img/sub/page02/page0201/con3_icon11.png]
[www.wellysis.com/img/sub/page02/page0201/con4_pro1.png]
[www.wellysis.com/img/sub/page02/page0201/con4_pro3.png]
[www.wellysis.com/img/sub/page02/page0201/con4_smart_thum.png]
[www.wellysis.com/img/sub/page02/page0201/con4_size1.png]
[www.wellysis.com/img/sub/page02/page0201/con4_size1_m.png]
[www.wellysis.com/img/sub/page02/page0201/con4_size3.png]
[www.wellysis.com/page/page0201.html]
[www.wellysis.com/img/sub/page02/page0201/con4_size3_m.png]
[www.wellysis.com/img/sub/page02/page0202/sv_0202.jpg]
[www.wellysis.com/page/page0202_medi.html]
[www.wellysis.com/img/sub/page02/page0202/mockUp_1_m.png]
[www.wellysis.com/video/EX_1.mp4]
[www.wellysis.com/video/EX_2.mp4]
[www.wellysis.com/video/EX_3.mp4]
[www.wellysis.com/video/EX_5.mp4]
[www.wellysis.com/video/EX_4.mp4]
[www.wellysis.com/img/sub/page02/page0202/mockUp_1.png]
[www.wellysis.com/img/sub/p0202_down.png]
[www.wellysis.com/img/sub/p0202_down_m.png]
[www.wellysis.com/img/sub/s_patch_ex.png]
[www.wellysis.com/img/icon/google_icon.png]
[www.wellysis.com/img/icon/apple_icon.png]
[www.wellysis.com/img/icon/btn_icon_b_l.png]
[www.wellysis.com/page/page0202_ex.html]
[www.wellysis.com/img/sub/page02/page0203/sv_0203.jpg]
[www.wellysis.com/img/sub/page02/page0203/con1.jpg]
[www.wellysis.com/img/sub/page02/page0203/con2_arrow.png]
[www.wellysis.com/img/sub/page02/page0203/con2_1.jpg]
[www.wellysis.com/img/sub/page02/page0203/con2_2.jpg]
[www.wellysis.com/img/sub/page02/page0203/con2_3.jpg]
[www.wellysis.com/img/sub/page02/page0203/btn_arrow_p.png]
[www.wellysis.com/img/sub/page02/page0203/con3_1.png]
[www.wellysis.com/img/sub/page02/page0203/con3_2.png]
[www.wellysis.com/img/sub/page02/page0204/con1_1.jpg]
[www.wellysis.com/img/sub/page02/page0204/con1_2.jpg]
[www.wellysis.com/img/sub/page02/page0203/con2_p1.png]
[www.wellysis.com/img/sub/page02/page0203/con2_p2.png]
[www.wellysis.com/img/sub/page02/page0203/con2_p3.png]
[www.wellysis.com/img/sub/page02/page0203/con2_p4.png]
[www.wellysis.com/img/sub/page02/page0203/con2_p5.png]
[www.wellysis.com/img/sub/page02/page0203/btn_arrow.png]
[www.wellysis.com/img/sub/page02/page0204/con3_1.jpg]
[www.wellysis.com/img/sub/page02/page0204/con3_2.jpg]
[www.wellysis.com/img/sub/page02/page0204/con3_3.jpg]
[www.wellysis.com/page/page0203.html]
[www.wellysis.com/img/sub/page02/page0204/sv_0204.jpg]
[www.wellysis.com/img/sub/page02/page0203/con4_m.jpg]
[www.wellysis.com/page/page0204.html]
[www.wellysis.com/theme/wellysis/mobile/skin/board/news/styleaa39.css]
[www.wellysis.com/bbs/boardcd52.html]
[www.wellysis.com/bbs/board1925.html]
[www.wellysis.com/bbs/board67ef.html]
[www.wellysis.com/data/file/news/55712dd0834503cfed97b4e5a13473f9_qtKC40nh_f147f979711aea4b3d89132e8c1b1604fa6b80e3.jpg]
[www.wellysis.com/data/file/news/b9e6864c45d02520746364a123d659e2_61is9lpj_cdfc4ea01916bc80f0f5d29ee505b8023c3a3e29.jpg]
[www.wellysis.com/data/file/news/b9e6864c45d02520746364a123d659e2_pHCPqJ6N_3be46f2fed68bcf07b0c0cd78e765ed5a00b3035.jpg]
[www.wellysis.com/data/file/news/b9e6864c45d02520746364a123d659e2_rcRyhJeT_07b9e875453b999b0b75e4eca9ce840176e43023.jpg]
[www.wellysis.com/data/file/news/b9e6864c45d02520746364a123d659e2_QwLp5Bkt_4472d7c27ede94a876e446200f955db14710ef58.jpg]
[www.wellysis.com/data/file/news/b9e6864c45d02520746364a123d659e2_NQyjlDuU_56ee9043a7ca0e385a6cf040f47dc6aa42a32374.jpg]
[www.wellysis.com/data/file/news/b9e6864c45d02520746364a123d659e2_Mr41ATWX_a8d1c78bfd36e079a1f531ad480f9bf414dbafe1.jpg]
[www.wellysis.com/bbs/board5c3a.html]
[www.wellysis.com/data/file/news/b9e6864c45d02520746364a123d659e2_cWKji9aF_b37fd0563e8c0fd7f97f74f1e1d9bf6ea860a59b.jpg]
[www.wellysis.com/bbs/board318c.html]
[www.wellysis.com/data/file/news/b9e6864c45d02520746364a123d659e2_alyeRYh9_edaccd2cb940e35127e8d5173c54ca2e3aa4b28e.jpg]
[www.wellysis.com/bbs/board71db.html]
[www.wellysis.com/bbs/boardd66d.html]
[www.wellysis.com/bbs/board6d64.html]
[www.wellysis.com/bbs/board8ba1.html]
[www.wellysis.com/bbs/boardc759.html]
[www.wellysis.com/bbs/boardcda4.html]
[www.wellysis.com/bbs/boardaecf.html]
[www.wellysis.com/bbs/board7747.html]
[www.wellysis.com/bbs/boardca0a.html]
[www.wellysis.com/bbs/boardb840.html]
[www.wellysis.com/bbs/board3d71.html]
[www.wellysis.com/data/file/news/15_copy_30_b9e6864c45d02520746364a123d659e2_bg3T2FPU_9258041015d513cf07d02f74d5103b2a1e30c0a1.jpg]
[www.wellysis.com/bbs/board60f5.html]
[www.wellysis.com/bbs/board7964.html]
[www.wellysis.com/bbs/board49d1.html]
[www.wellysis.com/data/file/news/b9e6864c45d02520746364a123d659e2_53b1VcrQ_936620973192f57964c11c113edb3c60869061f1.jpg]
[www.wellysis.com/bbs/board74a2.html]
[www.wellysis.com/data/file/news/b9e6864c45d02520746364a123d659e2_ldhH0RAP_6cf71fa66a4445f659c9260cbe2561727f85120a.jpg]
[www.wellysis.com/bbs/board98e8.html]
[www.wellysis.com/data/file/news/b9e6864c45d02520746364a123d659e2_HLaKjQkt_ca31f3d6f0fc389205ed3e312d97c7b098342579.jpg]
[www.wellysis.com/bbs/boardc619.html]
[www.wellysis.com/bbs/boardd1dc.html]
[www.wellysis.com/data/file/news/b9e6864c45d02520746364a123d659e2_zxueoUNJ_4b8e357468222dcad30cf81d350dc851384166f7.jpg]
[www.wellysis.com/bbs/board0de9.html]
[www.wellysis.com/data/file/news/b9e6864c45d02520746364a123d659e2_4tRqemPy_020373f07dc5af544f7cd3262c1c543a94f32faa.jpg]
[www.wellysis.com/bbs/boardf896.html]
[www.wellysis.com/data/file/news/b9e6864c45d02520746364a123d659e2_nuX1mZ5e_d2fe51173942ef975a8ed00f0f6c33db8ead8547.jpg]
[www.wellysis.com/bbs/boardb042.html]
[www.wellysis.com/data/file/news/b9e6864c45d02520746364a123d659e2_gO6hzEK1_f6c9f07e1687e8a057f1b9f285296031ff3f6724.jpg]
[www.wellysis.com/bbs/boardb8bd.html]
[www.wellysis.com/theme/wellysis/mobile/skin/board/faq/styleaa39.css]
[www.wellysis.com/bbs/board494a.html]
[www.wellysis.com/bbs/boarda1b4.html]
[www.wellysis.com/bbs/boardca19.html]
[www.wellysis.com/bbs/boardc5e5.html]
[www.wellysis.com/bbs/boardd839.html]
[www.wellysis.com/bbs/board310d.html]
[www.wellysis.com/bbs/board8ee1.html]
[www.wellysis.com/bbs/write9639.html]
[www.wellysis.com/theme/wellysis/mobile/skin/board/inquiry/styleaa39.css]
[www.wellysis.com/img/sub/page05/map_icon.png]
[www.wellysis.com/page/page0503.html]
[www.wellysis.com/index-2.html]
[www.wellysis.com/lang9ed2.html]
[www.wellysis.com/page/page06.html]
[www.wellysis.com/img/main/visual_poster.html]
[www.wellysis.com/img/icon/demo_close.svg]
[www.wellysis.com/bbs/writeb23f.html]
[www.wellysis.com/index_en.html]
[www.wellysis.com/js/viewimageresize.js]
[www.wellysis.com/bbs/view_imageacd1.html]
[www.wellysis.com/data/editor/2405/ec765730b9d3bcb94f6dde7d0982e657_1714609549_822.jpg]
[www.wellysis.com/bbs/boarddd21.html]
[www.wellysis.com/js/md5.js]
[www.wellysis.com/bbs/view_image2cc3.html]
[wellysis2024.mycafe24.com/data/editor/2403/4361efb49473addeaba9f5840319c969_1709797249_8841.jpg]
[www.wellysis.com/bbs/board66b8.html]
[www.wellysis.com/bbs/view_image22ef.html]
[wellysis2024.mycafe24.com/data/editor/2403/4361efb49473addeaba9f5840319c969_1709799861_1256.jpg]
[www.wellysis.com/bbs/board3111.html]
[www.wellysis.com/bbs/view_imagee80a.html]
[wellysis2024.mycafe24.com/data/editor/2403/4361efb49473addeaba9f5840319c969_1709799613_2916.jpg]
[www.wellysis.com/bbs/board2c99.html]
[www.wellysis.com/bbs/view_imageb3bf.html]
[www.wellysis.com/bbs/boarda454.html]
[www.wellysis.com/bbs/view_image023f.html]
[wellysis2024.mycafe24.com/data/editor/2403/4361efb49473addeaba9f5840319c969_1709799154_9838.jpg]
[www.wellysis.com/bbs/boardf989.html]
[www.wellysis.com/bbs/view_imageb1e7.html]
[www.wellysis.com/bbs/view_image638d.html]
[www.wellysis.com/data/editor/2403/thumb-4361efb49473addeaba9f5840319c969_1709798961_3328_1420x1129.png]
[www.wellysis.com/bbs/board3111-2.html]
[www.wellysis.com/bbs/view_imagea2b2.html]
[wellysis2024.mycafe24.com/data/editor/2403/4361efb49473addeaba9f5840319c969_1709798905_5449.jpg]
[www.wellysis.com/bbs/board44f2.html]
[www.wellysis.com/theme/wellysis/mobile/skin/member/basic/styleaa39.css]
[www.wellysis.com/bbs/password_lost.html]
[www.wellysis.com/bbs/loginfc6c.html]
[www.wellysis.com/js/font-awesome/fonts/fontawesome-webfont3e6e.html]
[www.wellysis.com/js/font-awesome/fonts/fontawesome-webfont3e6e.svg]
[www.wellysis.com/bbs/register.html]
[cdn.jsdelivr.net/npm/xeicon@2.3.3/fonts/xeicon75d5.svg]
[www.wellysis.com/font/Pretendard-ExtraBold.html]
[www.wellysis.com/font/Pretendard-Bold.html]
[www.wellysis.com/font/Pretendard-SemiBold.html]
[www.wellysis.com/font/Pretendard-Medium.html]
[www.wellysis.com/font/Pretendard-Regular.html]
[www.wellysis.com/img/d_section/sv_01.html]
[www.wellysis.com/img/sub/p0202_banner_bg.jpg]
[www.wellysis.com/img/sub/p0202_medi_banner_bg.jpg]
[www.wellysis.com/img/sub/p0202_banner_bg_m.jpg]
[www.wellysis.com/img/sub/p0202_medi_banner_bg_m.jpg]
[www.wellysis.com/img/sub/page01/page0101/con2.png]
[www.wellysis.com/img/sub/page01/page0101/con2_m.png]
[www.wellysis.com/img/sub/page01/page0102/p0102_banner_bg.jpg]
[www.wellysis.com/img/sub/page01/page0102/p0102_banner_bg_m.jpg]
[www.wellysis.com/img/sub/page02/page0201/con2.png]
[www.wellysis.com/img/sub/page02/nav_banner.jpg]
[www.wellysis.com/img/sub/page02/nav_banner_m.jpg]
[www.wellysis.com/img/sub/page02/page0203/p0203_banner_bg.jpg]
[www.wellysis.com/img/sub/page02/page0203/con4.jpg]
[www.wellysis.com/img/sub/pg_end.png]
[www.wellysis.com/img/sub/pg_start.png]
[www.wellysis.com/img/sub/page05/search.png]
[www.wellysis.com/img/sub/page05/search_on.png]
[www.wellysis.com/css/j_sub.css]
[www.wellysis.com/theme/wellysis/mobile/skin/board/cert/img/close_btn.png]
[www.wellysis.com/theme/wellysis/mobile/skin/board/cert/img/icon_view.png]
[www.wellysis.com/theme/wellysis/mobile/skin/board/cert/img/icon_comment.png]
[www.wellysis.com/theme/wellysis/mobile/skin/board/cert/img/icon_good.png]
[www.wellysis.com/theme/wellysis/mobile/skin/board/cert/img/icon_bad.png]
[www.wellysis.com/theme/wellysis/mobile/skin/board/cert/img/cmt_btn.png]
[www.wellysis.com/theme/wellysis/mobile/skin/board/cert/styleaa39.css]
[www.wellysis.com/theme/wellysis/mobile/skin/board/pub/styleaa39.css]
[www.wellysis.com/bbs/boardca07.html]
[www.wellysis.com/bbs/boardf6db.html]
[www.wellysis.com/bbs/boarda9ac.html]
[www.wellysis.com/bbs/board10a7.html]
[www.wellysis.com/bbs/boardc46d.html]
[www.wellysis.com/bbs/boarddc05.html]
[www.wellysis.com/bbs/boardb5b2.html]
[www.wellysis.com/bbs/board6b17.html]
[www.wellysis.com/bbs/boarde1a5.html]
[www.wellysis.com/bbs/board19f2.html]
[www.wellysis.com/bbs/board00a0.html]
[www.wellysis.com/theme/wellysis/mobile/skin/board/patent/styleaa39.css]
[www.wellysis.com/bbs/board362f.html]
[www.wellysis.com/bbs/board5512.html]
[www.wellysis.com/img/sub/page02/page0202/mockUp_2.png]
[www.wellysis.com/video/Medi_1.mp4]
[www.wellysis.com/video/Medi_2.mp4]
[www.wellysis.com/video/Medi_3.mp4]
[www.wellysis.com/video/Medi_4.mp4]
[www.wellysis.com/img/sub/p0202_medi_down.png]
[www.wellysis.com/img/sub/p0202_medi_down_m.png]
[www.wellysis.com/img/sub/s_patch_medi.png]
[www.wellysis.com/page/page0202_medi.html]
[www.wellysis.com/img/sub/page02/page0203/con5_1.svg]
[www.wellysis.com/img/sub/page02/page0203/con5_2.svg]
[www.wellysis.com/img/sub/page02/page0203/con5_3.svg]
[www.wellysis.com/theme/wellysis/mobile/skin/board/news/img/close_btn.png]
[www.wellysis.com/theme/wellysis/mobile/skin/board/news/img/icon_view.png]
[www.wellysis.com/theme/wellysis/mobile/skin/board/news/img/icon_comment.png]
[www.wellysis.com/theme/wellysis/mobile/skin/board/news/img/icon_good.png]
[www.wellysis.com/theme/wellysis/mobile/skin/board/news/img/icon_bad.png]
[www.wellysis.com/theme/wellysis/mobile/skin/board/news/img/cmt_btn.png]
[www.wellysis.com/theme/wellysis/mobile/skin/board/news/styleaa39.css]
[www.wellysis.com/bbs/boardcd52.html]
[www.wellysis.com/bbs/board1925.html]
[www.wellysis.com/bbs/board67ef.html]
[www.wellysis.com/bbs/view_image4ebb.html]
[wellysis2024.mycafe24.com/data/editor/2403/4361efb49473addeaba9f5840319c969_1709798545_7596.jpg]
[wellysis2024.mycafe24.com/data/editor/2403/4361efb49473addeaba9f5840319c969_1709798600_3234.jpg]
[wellysis2024.mycafe24.com/data/editor/2403/4361efb49473addeaba9f5840319c969_1709798660_2105.jpg]
[www.wellysis.com/bbs/board5c3a.html]
[www.wellysis.com/bbs/view_imagec3d2.html]
[wellysis2024.mycafe24.com/data/editor/2403/4361efb49473addeaba9f5840319c969_1709798370_7737.jpg]
[www.wellysis.com/bbs/board318c.html]
[www.wellysis.com/bbs/boarde9cd.html]
[www.wellysis.com/bbs/board096a.html]
[www.wellysis.com/bbs/board65c4.html]
[www.wellysis.com/bbs/board46a7.html]
[www.wellysis.com/bbs/board2433.html]
[www.wellysis.com/bbs/board4858.html]
[www.wellysis.com/bbs/board89d6.html]
[www.wellysis.com/bbs/board9ba3.html]
[www.wellysis.com/bbs/boardbbf2.html]
[www.wellysis.com/bbs/boardd66d.html]
[www.wellysis.com/bbs/board3e14.html]
[www.wellysis.com/bbs/board6d64.html]
[www.wellysis.com/bbs/board8ba1.html]
[www.wellysis.com/bbs/boardc759.html]
[www.wellysis.com/bbs/boardcda4.html]
[www.wellysis.com/bbs/boardaecf.html]
[www.wellysis.com/bbs/board7747.html]
[www.wellysis.com/bbs/boardca0a.html]
[www.wellysis.com/bbs/boardb840.html]
[www.wellysis.com/bbs/board3d71.html]
[www.wellysis.com/bbs/board7964.html]
[www.wellysis.com/bbs/view_imagec302.html]
[wellysis2024.mycafe24.com/data/editor/2403/4361efb49473addeaba9f5840319c969_1709797439_2822.jpg]
[www.wellysis.com/bbs/board49d1.html]
[www.wellysis.com/bbs/view_imagee5f8.html]
[wellysis2024.mycafe24.com/data/editor/2403/4361efb49473addeaba9f5840319c969_1709797333_4266.jpg]
[www.wellysis.com/bbs/board74a2.html]
[www.wellysis.com/bbs/view_image7230.html]
[wellysis2024.mycafe24.com/data/editor/2403/4361efb49473addeaba9f5840319c969_1709797540_0334.jpg]
[wellysis2024.mycafe24.com/data/editor/2403/4361efb49473addeaba9f5840319c969_1709797569_2964.jpg]
[www.wellysis.com/bbs/board98e8.html]
[www.wellysis.com/bbs/view_image4b17.html]
[wellysis2024.mycafe24.com/data/editor/2403/4361efb49473addeaba9f5840319c969_1709797112_1363.jpg]
[wellysis2024.mycafe24.com/data/editor/2403/4361efb49473addeaba9f5840319c969_1709797138_9928.jpg]
[www.wellysis.com/bbs/boardd1dc.html]
[www.wellysis.com/bbs/view_imagea9ac.html]
[wellysis2024.mycafe24.com/data/editor/2403/4361efb49473addeaba9f5840319c969_1709796831_047.jpg]
[www.wellysis.com/bbs/board0de9.html]
[www.wellysis.com/bbs/view_image419c.html]
[wellysis2024.mycafe24.com/data/editor/2403/4361efb49473addeaba9f5840319c969_1709796236_6773.jpg]
[wellysis2024.mycafe24.com/data/editor/2403/4361efb49473addeaba9f5840319c969_1709796261_3823.jpg]
[www.wellysis.com/bbs/boardf896.html]
[www.wellysis.com/bbs/view_image8233.html]
[wellysis2024.mycafe24.com/data/editor/2403/4361efb49473addeaba9f5840319c969_1709796071_8736.jpg]
[wellysis2024.mycafe24.com/data/editor/2403/4361efb49473addeaba9f5840319c969_1709796017_5579.jpg]
[www.wellysis.com/bbs/boardb042.html]
[www.wellysis.com/theme/wellysis/mobile/skin/board/faq/img/close_btn.png]
[www.wellysis.com/theme/wellysis/mobile/skin/board/faq/img/icon_view.png]
[www.wellysis.com/theme/wellysis/mobile/skin/board/faq/img/icon_comment.png]
[www.wellysis.com/theme/wellysis/mobile/skin/board/faq/img/icon_good.png]
[www.wellysis.com/theme/wellysis/mobile/skin/board/faq/img/icon_bad.png]
[www.wellysis.com/theme/wellysis/mobile/skin/board/faq/img/cmt_btn.png]
[www.wellysis.com/theme/wellysis/mobile/skin/board/faq/img/q.png]
[www.wellysis.com/theme/wellysis/mobile/skin/board/faq/img/a.png]
[www.wellysis.com/img/sub/page05/manu_bg1.jpg]
[www.wellysis.com/img/sub/page05/manu_bg2.jpg]
[www.wellysis.com/img/sub/page05/manu_bg3.jpg]
[www.wellysis.com/theme/wellysis/mobile/skin/board/faq/styleaa39.css]
[wellysis2024.mycafe24.com/theme/wellysis/mobile/skin/board/faq/img/how_attach.png]
[www.wellysis.com/bbs/board494a.html]
[www.wellysis.com/bbs/boarda1b4.html]
[www.wellysis.com/bbs/boardca19.html]
[www.wellysis.com/bbs/boardc5e5.html]
[www.wellysis.com/bbs/boardd839.html]
[www.wellysis.com/bbs/board310d.html]
[www.wellysis.com/theme/wellysis/mobile/skin/board/faq/img/faq_open.svg]
[www.wellysis.com/theme/wellysis/mobile/skin/board/faq/img/faq_close.svg]
[www.wellysis.com/bbs/board5427.html]
[www.wellysis.com/theme/wellysis/mobile/skin/board/inquiry/img/chk.png]
[www.wellysis.com/theme/wellysis/mobile/skin/board/inquiry/img/close_btn.png]
[www.wellysis.com/theme/wellysis/mobile/skin/board/inquiry/img/btn_cmt.png]
[www.wellysis.com/theme/wellysis/mobile/skin/board/inquiry/img/chk_b.png]
[www.wellysis.com/theme/wellysis/mobile/skin/board/inquiry/img/chk_on.png]
[www.wellysis.com/theme/wellysis/mobile/skin/board/inquiry/img/chk_p.png]
[www.wellysis.com/theme/wellysis/mobile/skin/board/inquiry/img/chk_p_on.png]
[www.wellysis.com/theme/wellysis/mobile/skin/board/inquiry/styleaa39.css]
[www.wellysis.com/page/page/page0503.html]
[www.wellysis.com/en/page0101.html]
[www.wellysis.com/en/page0102.html]
[www.wellysis.com/bbs/boardd909.html]
[www.wellysis.com/en/page0201.html]
[www.wellysis.com/en/page0202_ex.html]
[www.wellysis.com/en/page0203.html]
[www.wellysis.com/en/page0204.html]
[www.wellysis.com/bbs/board42cf.html]
[www.wellysis.com/bbs/board5c68.html]
[www.wellysis.com/bbs/board3e45.html]
[www.wellysis.com/bbs/board31db.html]
[www.wellysis.com/bbs/boardcbf7.html]
[www.wellysis.com/bbs/writea94b.html]
[www.wellysis.com/en/page0503.html]
[www.wellysis.com/bbs/writeb680.html]
[www.wellysis.com/bbs/boarde484.html]
[www.wellysis.com/data/file/news_en/thumb-b9e6864c45d02520746364a123d659e2_p9ZiyR47_834243db4c5b17d51b50659cd597a3d97ab7eead_455x320.jpg]
[www.wellysis.com/bbs/boardaf3f.html]
[www.wellysis.com/data/file/news_en/thumb-b9e6864c45d02520746364a123d659e2_Et8z6gJj_a47860a77e992a1881923c6c8498ae8aa6d4e29d_455x320.jpg]
[www.wellysis.com/bbs/board4da6.html]
[www.wellysis.com/data/file/news_en/thumb-b9e6864c45d02520746364a123d659e2_61is9lpj_cdfc4ea01916bc80f0f5d29ee505b8023c3a3e29_455x320.jpg]
[www.wellysis.com/bbs/boardd4eb.html]
[www.wellysis.com/data/file/news_en/thumb-b9e6864c45d02520746364a123d659e2_pHCPqJ6N_3be46f2fed68bcf07b0c0cd78e765ed5a00b3035_455x320.jpg]
[www.wellysis.com/bbs/board6228.html]
[www.wellysis.com/data/file/news_en/thumb-b9e6864c45d02520746364a123d659e2_rcRyhJeT_07b9e875453b999b0b75e4eca9ce840176e43023_455x320.jpg]
[www.wellysis.com/bbs/board68f6.html]
[www.wellysis.com/data/file/news_en/thumb-b9e6864c45d02520746364a123d659e2_QwLp5Bkt_4472d7c27ede94a876e446200f955db14710ef58_455x320.jpg]
[www.wellysis.com/bbs/board5455.html]
[www.wellysis.com/data/file/news_en/thumb-b9e6864c45d02520746364a123d659e2_NQyjlDuU_56ee9043a7ca0e385a6cf040f47dc6aa42a32374_455x320.jpg]
[www.wellysis.com/bbs/board9ec4.html]
[www.wellysis.com/data/file/news_en/thumb-b9e6864c45d02520746364a123d659e2_Mr41ATWX_a8d1c78bfd36e079a1f531ad480f9bf414dbafe1_455x320.jpg]
[www.wellysis.com/download/wellysis_brochure_en.pdf]
[www.wellysis.com/index_en.html]
[www.wellysis.com/bbs/view_imageacd1.html]
[www.wellysis.com/bbs/view_image2cc3.html]
[www.wellysis.com/bbs/view_image22ef.html]
[www.wellysis.com/bbs/view_imagee80a.html]
[www.wellysis.com/bbs/view_imageb3bf.html]
[www.wellysis.com/bbs/view_image023f.html]
[www.wellysis.com/bbs/view_imageb1e7.html]
[www.wellysis.com/en/page06.html]
[www.wellysis.com/data/editor/2403/4361efb49473addeaba9f5840319c969_1709798961_3328.png]
[www.wellysis.com/bbs/view_image638d.html]
[www.wellysis.com/bbs/view_imagea2b2.html]
[www.wellysis.com/theme/wellysis/mobile/skin/member/basic/img/chk.png]
[www.wellysis.com/theme/wellysis/mobile/skin/member/basic/styleaa39.css]
[www.wellysis.com/bbs///index.html]
[www.wellysis.com/plugin/kcaptcha/kcaptcha.js]
[www.wellysis.com/plugin/kcaptcha/img/dot.gif]
[www.wellysis.com/bbs/password_lost.html]
[www.wellysis.com/bbs/register.html]
[www.wellysis.com/theme/wellysis/mobile/skin/board/pub/img/close_btn.png]
[www.wellysis.com/theme/wellysis/mobile/skin/board/pub/img/icon_view.png]
[www.wellysis.com/theme/wellysis/mobile/skin/board/pub/img/icon_comment.png]
[www.wellysis.com/theme/wellysis/mobile/skin/board/pub/img/icon_good.png]
[www.wellysis.com/theme/wellysis/mobile/skin/board/pub/img/icon_bad.png]
[www.wellysis.com/theme/wellysis/mobile/skin/board/pub/img/cmt_btn.png]
[www.wellysis.com/theme/wellysis/mobile/skin/board/pub/styleaa39.css]
[www.wellysis.com/bbs/boardca07.html]
[www.wellysis.com/bbs/boardf6db.html]
[www.wellysis.com/bbs/boarda9ac.html]
[www.wellysis.com/bbs/board10a7.html]
[www.wellysis.com/bbs/boardc46d.html]
[www.wellysis.com/bbs/boarddc05.html]
[www.wellysis.com/bbs/boardb5b2.html]
[www.wellysis.com/bbs/board6b17.html]
[www.wellysis.com/bbs/boarde1a5.html]
[www.wellysis.com/bbs/board5cf6.html]
[www.wellysis.com/bbs/board1ad3.html]
[www.wellysis.com/bbs/board00a0.html]
[www.wellysis.com/bbs/board3910.html]
[www.wellysis.com/theme/wellysis/mobile/skin/board/patent/img/close_btn.png]
[www.wellysis.com/theme/wellysis/mobile/skin/board/patent/img/icon_view.png]
[www.wellysis.com/theme/wellysis/mobile/skin/board/patent/img/icon_comment.png]
[www.wellysis.com/theme/wellysis/mobile/skin/board/patent/img/icon_good.png]
[www.wellysis.com/theme/wellysis/mobile/skin/board/patent/img/icon_bad.png]
[www.wellysis.com/theme/wellysis/mobile/skin/board/patent/img/cmt_btn.png]
[www.wellysis.com/theme/wellysis/mobile/skin/board/patent/styleaa39.css]
[www.wellysis.com/bbs/board5512.html]
[www.wellysis.com/bbs/view_image4ebb.html]
[www.wellysis.com/bbs/view_imagec3d2.html]
[www.wellysis.com/bbs/board0b71.html]
[www.wellysis.com/bbs/boarde9cd.html]
[www.wellysis.com/bbs/board88ec.html]
[www.wellysis.com/bbs/board096a.html]
[www.wellysis.com/bbs/board5e7e.html]
[www.wellysis.com/bbs/board65c4.html]
[www.wellysis.com/bbs/board7c6c.html]
[www.wellysis.com/bbs/board46a7.html]
[www.wellysis.com/bbs/boarde7c4.html]
[www.wellysis.com/bbs/board2433.html]
[www.wellysis.com/bbs/board4858.html]
[www.wellysis.com/bbs/board89d6.html]
[www.wellysis.com/bbs/boardf97b.html]
[www.wellysis.com/bbs/board9ba3.html]
[www.wellysis.com/bbs/boardbbf2.html]
[www.wellysis.com/bbs/board406a.html]
[www.wellysis.com/bbs/boardd757.html]
[www.wellysis.com/bbs/board9516.html]
[www.wellysis.com/bbs/board447c.html]
[www.wellysis.com/bbs/board7cfd.html]
[www.wellysis.com/bbs/board42f3.html]
[www.wellysis.com/bbs/boardc7cb.html]
[www.wellysis.com/bbs/boarda2fc.html]
[www.wellysis.com/bbs/board899e.html]
[www.wellysis.com/bbs/board3e14.html]
[www.wellysis.com/bbs/view_imagec302.html]
[www.wellysis.com/bbs/view_imagee5f8.html]
[www.wellysis.com/bbs/view_image7230.html]
[www.wellysis.com/bbs/view_image4b17.html]
[www.wellysis.com/bbs/view_imagea9ac.html]
[www.wellysis.com/bbs/view_image419c.html]
[www.wellysis.com/bbs/view_image8233.html]
[fonts.googleapis.com/earlyaccess/notosanskr.css]
[www.wellysis.com/bbs/board14f1.html]
[www.wellysis.com/bbs/board5427.html]
[www.wellysis.com/theme/wellysis/mobile/skin/latest/news_en/style1b26.html]
[www.wellysis.com/theme/wellysis/mobile/skin/latest/news_en/latest.carousel1b26.html]
[www.wellysis.com/bbs/boardc667.html]
[www.wellysis.com/img/sub/page01/page0101/motion_en.mp4]
[www.wellysis.com/en/page0101.html]
[www.wellysis.com/en/page0102.html]
[www.wellysis.com/theme/wellysis/mobile/skin/board/cert_en/styleaa39.css]
[www.wellysis.com/bbs/board1d39.html]
[www.wellysis.com/bbs/board4482.html]
[www.wellysis.com/data/file/cert_en/b9e6864c45d02520746364a123d659e2_xvHlRXGC_4e10a6b7b31beb9a098099907b8580569059153d.png]
[www.wellysis.com/data/file/cert_en/b9e6864c45d02520746364a123d659e2_AKM7oaTI_7c7a73dc2ffe52a7d0fb2c0a6954199992ea3b46.png]
[www.wellysis.com/data/file/cert_en/b9e6864c45d02520746364a123d659e2_tARxZo9b_022512d9155700bc5cf7ae5817ecd907d454b015.png]
[www.wellysis.com/data/file/cert_en/b9e6864c45d02520746364a123d659e2_gvSLRxWc_dbc26c72d972fd878ed28856f05a5d372254d0f5.png]
[www.wellysis.com/data/file/cert_en/b9e6864c45d02520746364a123d659e2_guHR40AB_5c376e61172248601c2f2280375dd2a92920e1fb.png]
[www.wellysis.com/data/file/cert_en/b9e6864c45d02520746364a123d659e2_n6xvIpdE_53a7ad273046ef9d1b6b263b35195c2e3fdac11d.png]
[www.wellysis.com/data/file/cert_en/b9e6864c45d02520746364a123d659e2_Y386r7xj_41d0a064132c50e5fbadf68e2a134ec270f56bc6.png]
[www.wellysis.com/data/file/cert_en/b9e6864c45d02520746364a123d659e2_lNKBUy1o_c25b7e177ba5a49e4c7df7df67a5db8b5361b72b.png]
[www.wellysis.com/bbs/boardd909.html]
[www.wellysis.com/img/sub/page02/page0201/con4_size1_en.png]
[www.wellysis.com/img/sub/page02/page0201/con4_size1_en_m.png]
[www.wellysis.com/img/sub/page02/page0201/con4_size3_en.png]
[www.wellysis.com/img/sub/page02/page0201/con4_size3_en_m.png]
[www.wellysis.com/en/page0201.html]
[www.wellysis.com/en/page0202_medi.html]
[www.wellysis.com/video/EX_1_en.mp4]
[www.wellysis.com/video/EX_2_en.mp4]
[www.wellysis.com/video/EX_3_en.mp4]
[www.wellysis.com/video/EX_4_en.mp4]
[www.wellysis.com/video/EX_5_en.mp4]
[www.wellysis.com/en/page0202_ex.html]
[www.wellysis.com/en/page0203.html]
[www.wellysis.com/en/page0204.html]
[www.wellysis.com/theme/wellysis/mobile/skin/board/news_en/styleaa39.css]
[www.wellysis.com/data/file/news_en/b9e6864c45d02520746364a123d659e2_p9ZiyR47_834243db4c5b17d51b50659cd597a3d97ab7eead.jpg]
[www.wellysis.com/data/file/news_en/b9e6864c45d02520746364a123d659e2_Et8z6gJj_a47860a77e992a1881923c6c8498ae8aa6d4e29d.jpg]
[www.wellysis.com/data/file/news_en/b9e6864c45d02520746364a123d659e2_61is9lpj_cdfc4ea01916bc80f0f5d29ee505b8023c3a3e29.jpg]
[www.wellysis.com/data/file/news_en/b9e6864c45d02520746364a123d659e2_pHCPqJ6N_3be46f2fed68bcf07b0c0cd78e765ed5a00b3035.jpg]
[www.wellysis.com/data/file/news_en/b9e6864c45d02520746364a123d659e2_rcRyhJeT_07b9e875453b999b0b75e4eca9ce840176e43023.jpg]
[www.wellysis.com/data/file/news_en/b9e6864c45d02520746364a123d659e2_QwLp5Bkt_4472d7c27ede94a876e446200f955db14710ef58.jpg]
[www.wellysis.com/data/file/news_en/b9e6864c45d02520746364a123d659e2_NQyjlDuU_56ee9043a7ca0e385a6cf040f47dc6aa42a32374.jpg]
[www.wellysis.com/data/file/news_en/b9e6864c45d02520746364a123d659e2_Mr41ATWX_a8d1c78bfd36e079a1f531ad480f9bf414dbafe1.jpg]
[www.wellysis.com/bbs/board71f0.html]
[www.wellysis.com/data/file/news_en/b9e6864c45d02520746364a123d659e2_cWKji9aF_b37fd0563e8c0fd7f97f74f1e1d9bf6ea860a59b.jpg]
[www.wellysis.com/bbs/board42cf.html]
[www.wellysis.com/bbs/boardbc2b.html]
[www.wellysis.com/bbs/boardc778.html]
[www.wellysis.com/bbs/board3e81.html]
[www.wellysis.com/bbs/boardcb50.html]
[www.wellysis.com/bbs/board37b6.html]
[www.wellysis.com/bbs/board40ae.html]
[www.wellysis.com/bbs/board0efd.html]
[www.wellysis.com/bbs/board7662.html]
[www.wellysis.com/bbs/board2f16.html]
[www.wellysis.com/data/file/news_en/b9e6864c45d02520746364a123d659e2_bg3T2FPU_9258041015d513cf07d02f74d5103b2a1e30c0a1.jpg]
[www.wellysis.com/bbs/board5c68.html]
[www.wellysis.com/bbs/boarda9e6.html]
[www.wellysis.com/bbs/boardb7e3.html]
[www.wellysis.com/bbs/boarda684.html]
[www.wellysis.com/data/file/news_en/b9e6864c45d02520746364a123d659e2_HLaKjQkt_ca31f3d6f0fc389205ed3e312d97c7b098342579.jpg]
[www.wellysis.com/bbs/board5643.html]
[www.wellysis.com/data/file/news_en/b9e6864c45d02520746364a123d659e2_53b1VcrQ_936620973192f57964c11c113edb3c60869061f1.jpg]
[www.wellysis.com/bbs/board6ba6.html]
[www.wellysis.com/data/file/news_en/b9e6864c45d02520746364a123d659e2_ldhH0RAP_6cf71fa66a4445f659c9260cbe2561727f85120a.jpg]
[www.wellysis.com/bbs/board3e45.html]
[www.wellysis.com/bbs/board3d0c.html]
[www.wellysis.com/data/file/news_en/b9e6864c45d02520746364a123d659e2_zxueoUNJ_4b8e357468222dcad30cf81d350dc851384166f7.jpg]
[www.wellysis.com/bbs/board7b39.html]
[www.wellysis.com/data/file/news_en/b9e6864c45d02520746364a123d659e2_4tRqemPy_020373f07dc5af544f7cd3262c1c543a94f32faa.jpg]
[www.wellysis.com/bbs/board828f.html]
[www.wellysis.com/data/file/news_en/b9e6864c45d02520746364a123d659e2_nuX1mZ5e_d2fe51173942ef975a8ed00f0f6c33db8ead8547.jpg]
[www.wellysis.com/bbs/board2e2e.html]
[www.wellysis.com/data/file/news_en/b9e6864c45d02520746364a123d659e2_gO6hzEK1_f6c9f07e1687e8a057f1b9f285296031ff3f6724.jpg]
[www.wellysis.com/bbs/board31db.html]
[www.wellysis.com/theme/wellysis/mobile/skin/board/faq_en/styleaa39.css]
[www.wellysis.com/bbs/board43dd.html]
[www.wellysis.com/bbs/board28ff.html]
[www.wellysis.com/bbs/board7cbf.html]
[www.wellysis.com/bbs/board173e.html]
[www.wellysis.com/bbs/boardde47.html]
[www.wellysis.com/bbs/boardcbf7.html]
[www.wellysis.com/bbs/writea94b.html]
[www.wellysis.com/en/page0503.html]
[www.wellysis.com/lang9977.html]
[www.wellysis.com/bbs/writeb680.html]
[www.wellysis.com/theme/wellysis/mobile/skin/board/inquiry_en/styleaa39.css]
[www.wellysis.com/bbs/view_image6e6d.html]
[wellysis2024.mycafe24.com/data/editor/2404/cf2ed35c0348d98461c48cff43fefd0b_1712652786_3628.jpg]
[www.wellysis.com/bbs/boarde484.html]
[www.wellysis.com/bbs/view_image4637.html]
[wellysis2024.mycafe24.com/data/editor/2404/cf2ed35c0348d98461c48cff43fefd0b_1712652994_0004.jpg]
[www.wellysis.com/bbs/boardaf3f.html]
[www.wellysis.com/bbs/board4da6.html]
[www.wellysis.com/bbs/view_image2898.html]
[www.wellysis.com/bbs/boardd4eb.html]
[www.wellysis.com/bbs/view_image85b9.html]
[www.wellysis.com/bbs/board6228.html]
[www.wellysis.com/bbs/view_imageb62e.html]
[www.wellysis.com/bbs/board68f6.html]
[www.wellysis.com/bbs/view_imagef50b.html]
[www.wellysis.com/bbs/board5455.html]
[www.wellysis.com/bbs/view_image396a.html]
[www.wellysis.com/bbs/board9ec4.html]
[www.wellysis.com/en/page06.html]
[www.wellysis.com/plugin/kcaptcha/index.html]
[www.wellysis.com/bbs/view_image7ac8.html]
[www.wellysis.com/bbs/board5cf6.html]
[www.wellysis.com/bbs/board7dc0.html]
[www.wellysis.com/bbs/board1ad3.html]
[www.wellysis.com/bbs/boarda30c.html]
[www.wellysis.com/bbs/board0f52.html]
[www.wellysis.com/bbs/board8b19.html]
[www.wellysis.com/bbs/boarde95e.html]
[www.wellysis.com/bbs/boarddf6b.html]
[www.wellysis.com/bbs/boardfa93.html]
[www.wellysis.com/bbs/board1ea1.html]
[www.wellysis.com/bbs/board88a5.html]
[www.wellysis.com/bbs/board0023.html]
[www.wellysis.com/bbs/board2abc.html]
[www.wellysis.com/bbs/board3910.html]
[www.wellysis.com/bbs/board5b75.html]
[www.wellysis.com/bbs/board0b71.html]
[www.wellysis.com/bbs/board2d16.html]
[www.wellysis.com/bbs/board88ec.html]
[www.wellysis.com/bbs/board5e7e.html]
[www.wellysis.com/bbs/board1eea.html]
[www.wellysis.com/bbs/board7c6c.html]
[www.wellysis.com/bbs/boarde7c4.html]
[www.wellysis.com/bbs/board62df.html]
[www.wellysis.com/bbs/boardf97b.html]
[www.wellysis.com/bbs/boardbfa9.html]
[www.wellysis.com/bbs/board22db.html]
[www.wellysis.com/bbs/board406a.html]
[www.wellysis.com/bbs/board26c5.html]
[www.wellysis.com/bbs/boardd757.html]
[www.wellysis.com/bbs/board9516.html]
[www.wellysis.com/bbs/board447c.html]
[www.wellysis.com/bbs/board7cfd.html]
[www.wellysis.com/bbs/board42f3.html]
[www.wellysis.com/bbs/boardc7cb.html]
[www.wellysis.com/bbs/boarda2fc.html]
[www.wellysis.com/bbs/board899e.html]
[www.wellysis.com/bbs/board14f1.html]
[www.wellysis.com/bbs/boarded48.html]
[www.wellysis.com/bbs/boardc667.html]
[www.wellysis.com/bbs/board1aa5.html]
[www.wellysis.com/theme/wellysis/mobile/skin/board/cert_en/img/close_btn.png]
[www.wellysis.com/theme/wellysis/mobile/skin/board/cert_en/img/icon_view.png]
[www.wellysis.com/theme/wellysis/mobile/skin/board/cert_en/img/icon_comment.png]
[www.wellysis.com/theme/wellysis/mobile/skin/board/cert_en/img/icon_good.png]
[www.wellysis.com/theme/wellysis/mobile/skin/board/cert_en/img/icon_bad.png]
[www.wellysis.com/theme/wellysis/mobile/skin/board/cert_en/img/cmt_btn.png]
[www.wellysis.com/theme/wellysis/mobile/skin/board/cert_en/styleaa39.css]
[www.wellysis.com/theme/wellysis/mobile/skin/board/pub_en/styleaa39.css]
[www.wellysis.com/bbs/boardc41a.html]
[www.wellysis.com/bbs/boarde1ef.html]
[www.wellysis.com/bbs/board0ce2.html]
[www.wellysis.com/bbs/board76b6.html]
[www.wellysis.com/bbs/board26c5-2.html]
[www.wellysis.com/bbs/board6e1a.html]
[www.wellysis.com/bbs/board1afe.html]
[www.wellysis.com/bbs/board1227.html]
[www.wellysis.com/bbs/board5c8a.html]
[www.wellysis.com/bbs/board1d39.html]
[www.wellysis.com/bbs/board0397.html]
[www.wellysis.com/theme/wellysis/mobile/skin/board/patent_en/styleaa39.css]
[www.wellysis.com/bbs/board4482.html]
[www.wellysis.com/bbs/board4aad.html]
[www.wellysis.com/video/Medi_1_en.mp4]
[www.wellysis.com/video/Medi_2_en.mp4]
[www.wellysis.com/video/Medi_3_en.mp4]
[www.wellysis.com/en/page0202_medi.html]
[www.wellysis.com/video/Medi_4_en.mp4]
[www.wellysis.com/theme/wellysis/mobile/skin/board/news_en/img/close_btn.png]
[www.wellysis.com/theme/wellysis/mobile/skin/board/news_en/img/icon_view.png]
[www.wellysis.com/theme/wellysis/mobile/skin/board/news_en/img/icon_comment.png]
[www.wellysis.com/theme/wellysis/mobile/skin/board/news_en/img/icon_good.png]
[www.wellysis.com/theme/wellysis/mobile/skin/board/news_en/img/icon_bad.png]
[www.wellysis.com/theme/wellysis/mobile/skin/board/news_en/img/cmt_btn.png]
[www.wellysis.com/theme/wellysis/mobile/skin/board/news_en/styleaa39.css]
[www.wellysis.com/bbs/view_imagef2e7.html]
[www.wellysis.com/bbs/board71f0.html]
[www.wellysis.com/bbs/board618c.html]
[www.wellysis.com/bbs/boardfcae.html]
[www.wellysis.com/bbs/board505f.html]
[www.wellysis.com/bbs/board91ff.html]
[www.wellysis.com/bbs/boardbc54.html]
[www.wellysis.com/bbs/boarda04b.html]
[www.wellysis.com/bbs/boarde67e.html]
[www.wellysis.com/bbs/board5e88.html]
[www.wellysis.com/bbs/board8d03.html]
[www.wellysis.com/bbs/boardbc2b.html]
[www.wellysis.com/bbs/boardfb15.html]
[www.wellysis.com/bbs/boardc778.html]
[www.wellysis.com/bbs/board3e81.html]
[www.wellysis.com/bbs/boardcb50.html]
[www.wellysis.com/bbs/board37b6.html]
[www.wellysis.com/bbs/board40ae.html]
[www.wellysis.com/bbs/board0efd.html]
[www.wellysis.com/bbs/board7662.html]
[www.wellysis.com/bbs/board2f16.html]
[www.wellysis.com/bbs/boarda9e6.html]
[www.wellysis.com/bbs/boardb7e3.html]
[www.wellysis.com/bbs/view_image297c.html]
[www.wellysis.com/bbs/boarda684.html]
[www.wellysis.com/bbs/view_image4653.html]
[www.wellysis.com/bbs/board5643.html]
[www.wellysis.com/bbs/view_image2c04.html]
[www.wellysis.com/bbs/board6ba6.html]
[www.wellysis.com/bbs/view_image71c3.html]
[www.wellysis.com/bbs/board3d0c.html]
[www.wellysis.com/bbs/view_image80bf.html]
[www.wellysis.com/bbs/view_image0f93.html]
[www.wellysis.com/bbs/board7b39.html]
[www.wellysis.com/bbs/board828f.html]
[www.wellysis.com/bbs/view_image8854.html]
[www.wellysis.com/bbs/board2e2e.html]
[www.wellysis.com/bbs/view_image39fd.html]
[www.wellysis.com/theme/wellysis/mobile/skin/board/faq_en/img/close_btn.png]
[www.wellysis.com/theme/wellysis/mobile/skin/board/faq_en/img/icon_view.png]
[www.wellysis.com/theme/wellysis/mobile/skin/board/faq_en/img/icon_comment.png]
[www.wellysis.com/theme/wellysis/mobile/skin/board/faq_en/img/icon_good.png]
[www.wellysis.com/theme/wellysis/mobile/skin/board/faq_en/img/icon_bad.png]
[www.wellysis.com/theme/wellysis/mobile/skin/board/faq_en/img/cmt_btn.png]
[www.wellysis.com/theme/wellysis/mobile/skin/board/faq_en/img/q.png]
[www.wellysis.com/theme/wellysis/mobile/skin/board/faq_en/img/a.png]
[www.wellysis.com/theme/wellysis/mobile/skin/board/faq_en/styleaa39.css]
[wellysis2024.mycafe24.com/theme/wellysis/mobile/skin/board/faq_en/img/how_attach.png]
[www.wellysis.com/bbs/board43dd.html]
[www.wellysis.com/bbs/board28ff.html]
[www.wellysis.com/bbs/board7cbf.html]
[www.wellysis.com/bbs/board173e.html]
[www.wellysis.com/bbs/boardde47.html]
[www.wellysis.com/theme/wellysis/mobile/skin/board/faq_en/img/faq_open.svg]
[www.wellysis.com/theme/wellysis/mobile/skin/board/faq_en/img/faq_close.svg]
[www.wellysis.com/bbs/board7f35.html]
[www.wellysis.com/theme/wellysis/mobile/skin/board/inquiry_en/img/chk.png]
[www.wellysis.com/theme/wellysis/mobile/skin/board/inquiry_en/img/close_btn.png]
[www.wellysis.com/theme/wellysis/mobile/skin/board/inquiry_en/img/btn_cmt.png]
[www.wellysis.com/theme/wellysis/mobile/skin/board/inquiry_en/img/chk_b.png]
[www.wellysis.com/theme/wellysis/mobile/skin/board/inquiry_en/img/chk_on.png]
[www.wellysis.com/theme/wellysis/mobile/skin/board/inquiry_en/img/chk_p.png]
[www.wellysis.com/theme/wellysis/mobile/skin/board/inquiry_en/img/chk_p_on.png]
[www.wellysis.com/theme/wellysis/mobile/skin/board/inquiry_en/styleaa39.css]
[www.wellysis.com/bbs/view_image6e6d.html]
[www.wellysis.com/bbs/view_image4637.html]
[www.wellysis.com/bbs/view_image2898.html]
[www.wellysis.com/bbs/view_image85b9.html]
[www.wellysis.com/bbs/view_imageb62e.html]
[www.wellysis.com/bbs/view_imagef50b.html]
[www.wellysis.com/bbs/view_image396a.html]
[www.wellysis.com/bbs/view_image7ac8.html]
[www.wellysis.com/bbs/board7dc0.html]
[www.wellysis.com/bbs/boarda30c.html]
[www.wellysis.com/bbs/boardaf66.html]
[www.wellysis.com/bbs/board0f52.html]
[www.wellysis.com/bbs/board4e0c.html]
[www.wellysis.com/bbs/board8b19.html]
[www.wellysis.com/bbs/boarde95e.html]
[www.wellysis.com/bbs/boarddf6b.html]
[www.wellysis.com/bbs/boardfa93.html]
[www.wellysis.com/bbs/board1ea1.html]
[www.wellysis.com/bbs/board88a5.html]
[www.wellysis.com/bbs/board0023.html]
[www.wellysis.com/bbs/board2abc.html]
[www.wellysis.com/bbs/board5b75.html]
[www.wellysis.com/bbs/board2d16.html]
[www.wellysis.com/bbs/board9c85.html]
[www.wellysis.com/bbs/board1eea.html]
[www.wellysis.com/bbs/boardf84c.html]
[www.wellysis.com/bbs/board62df.html]
[www.wellysis.com/bbs/board1825.html]
[www.wellysis.com/bbs/boardbfa9.html]
[www.wellysis.com/bbs/boardc4af.html]
[www.wellysis.com/bbs/board22db.html]
[www.wellysis.com/bbs/board26c5.html]
[www.wellysis.com/bbs/boarded48.html]
[www.wellysis.com/bbs/board1aa5.html]
[www.wellysis.com/bbs/board5f08.html]
[www.wellysis.com/theme/wellysis/mobile/skin/board/pub_en/img/close_btn.png]
[www.wellysis.com/theme/wellysis/mobile/skin/board/pub_en/img/icon_view.png]
[www.wellysis.com/theme/wellysis/mobile/skin/board/pub_en/img/icon_comment.png]
[www.wellysis.com/theme/wellysis/mobile/skin/board/pub_en/img/icon_good.png]
[www.wellysis.com/theme/wellysis/mobile/skin/board/pub_en/img/icon_bad.png]
[www.wellysis.com/theme/wellysis/mobile/skin/board/pub_en/img/cmt_btn.png]
[www.wellysis.com/theme/wellysis/mobile/skin/board/pub_en/styleaa39.css]
[www.wellysis.com/bbs/boardc41a.html]
[www.wellysis.com/bbs/boarde1ef.html]
[www.wellysis.com/bbs/board0ce2.html]
[www.wellysis.com/bbs/board76b6.html]
[www.wellysis.com/bbs/board26c5-2.html]
[www.wellysis.com/bbs/board6e1a.html]
[www.wellysis.com/bbs/board1afe.html]
[www.wellysis.com/bbs/board1227.html]
[www.wellysis.com/bbs/board5c8a.html]
[www.wellysis.com/bbs/boardbfd3.html]
[www.wellysis.com/bbs/boardb4ec.html]
[www.wellysis.com/bbs/board0397.html]
[www.wellysis.com/bbs/board2b2b.html]
[www.wellysis.com/theme/wellysis/mobile/skin/board/patent_en/img/close_btn.png]
[www.wellysis.com/theme/wellysis/mobile/skin/board/patent_en/img/icon_view.png]
[www.wellysis.com/theme/wellysis/mobile/skin/board/patent_en/img/icon_comment.png]
[www.wellysis.com/theme/wellysis/mobile/skin/board/patent_en/img/icon_good.png]
[www.wellysis.com/theme/wellysis/mobile/skin/board/patent_en/img/icon_bad.png]
[www.wellysis.com/theme/wellysis/mobile/skin/board/patent_en/img/cmt_btn.png]
[www.wellysis.com/theme/wellysis/mobile/skin/board/patent_en/styleaa39.css]
[www.wellysis.com/bbs/board4aad.html]
[www.wellysis.com/bbs/view_imagef2e7.html]
[www.wellysis.com/bbs/board4893.html]
[www.wellysis.com/bbs/board618c.html]
[www.wellysis.com/bbs/board1d99.html]
[www.wellysis.com/bbs/board27ae.html]
[www.wellysis.com/bbs/boardfcae.html]
[www.wellysis.com/bbs/board505f.html]
[www.wellysis.com/bbs/board91ff.html]
[www.wellysis.com/bbs/boardbc54.html]
[www.wellysis.com/bbs/boarda04b.html]
[www.wellysis.com/bbs/board07ce.html]
[www.wellysis.com/bbs/boarde67e.html]
[www.wellysis.com/bbs/board5e88.html]
[www.wellysis.com/bbs/board8d03.html]
[www.wellysis.com/bbs/boardb8f1.html]
[www.wellysis.com/bbs/board073f.html]
[www.wellysis.com/bbs/board1926.html]
[www.wellysis.com/bbs/boardaaf8.html]
[www.wellysis.com/bbs/boardaa4b.html]
[www.wellysis.com/bbs/board362b.html]
[www.wellysis.com/bbs/board8413.html]
[www.wellysis.com/bbs/boardcfc1.html]
[www.wellysis.com/bbs/boardcbc0.html]
[www.wellysis.com/bbs/boardfb15.html]
[www.wellysis.com/bbs/view_image297c.html]
[www.wellysis.com/bbs/view_image4653.html]
[www.wellysis.com/bbs/view_image2c04.html]
[www.wellysis.com/bbs/view_image71c3.html]
[www.wellysis.com/bbs/view_image80bf.html]
[www.wellysis.com/bbs/view_image0f93.html]
[www.wellysis.com/bbs/view_image8854.html]
[www.wellysis.com/bbs/view_image39fd.html]
[www.wellysis.com/bbs/boardf1c5.html]
[www.wellysis.com/bbs/board7f35.html]
[www.wellysis.com/bbs/boarda564.html]
[www.wellysis.com/bbs/boardaf66.html]
[www.wellysis.com/bbs/board4e0c.html]
[www.wellysis.com/bbs/board381b.html]
[www.wellysis.com/bbs/board9c85.html]
[www.wellysis.com/bbs/boardf84c.html]
[www.wellysis.com/bbs/boardfc40.html]
[www.wellysis.com/bbs/board1825.html]
[www.wellysis.com/bbs/board91ca.html]
[www.wellysis.com/bbs/boardc4af.html]
[www.wellysis.com/bbs/boardbec3.html]
[www.wellysis.com/bbs/board5f08.html]
[www.wellysis.com/bbs/boardc5d0.html]
[www.wellysis.com/bbs/boardbfd3.html]
[www.wellysis.com/bbs/board8d03-2.html]
[www.wellysis.com/bbs/boardb4ec.html]
[www.wellysis.com/bbs/boarddf3b.html]
[www.wellysis.com/bbs/board9406.html]
[www.wellysis.com/bbs/board57d2.html]
[www.wellysis.com/bbs/boardff14.html]
[www.wellysis.com/bbs/board7bec.html]
[www.wellysis.com/bbs/board122f.html]
[www.wellysis.com/bbs/board8bf7.html]
[www.wellysis.com/bbs/boardbfce.html]
[www.wellysis.com/bbs/boarde380.html]
[www.wellysis.com/bbs/boardee14.html]
[www.wellysis.com/bbs/board2b2b.html]
[www.wellysis.com/bbs/board7660.html]
[www.wellysis.com/bbs/board4893.html]
[www.wellysis.com/bbs/board5d48.html]
[www.wellysis.com/bbs/board1d99.html]
[www.wellysis.com/bbs/board2c1b.html]
[www.wellysis.com/bbs/board27ae.html]
[www.wellysis.com/bbs/board07ce.html]
[www.wellysis.com/bbs/boardef5f.html]
[www.wellysis.com/bbs/boardb8f1.html]
[www.wellysis.com/bbs/board073f.html]
[www.wellysis.com/bbs/board1926.html]
[www.wellysis.com/bbs/boardaaf8.html]
[www.wellysis.com/bbs/boardaa4b.html]
[www.wellysis.com/bbs/board362b.html]
[www.wellysis.com/bbs/board8413.html]
[www.wellysis.com/bbs/boardcfc1.html]
[www.wellysis.com/bbs/board23cf.html]
[www.wellysis.com/bbs/boardcbc0.html]
[www.wellysis.com/bbs/boardf1c5.html]
[www.wellysis.com/bbs/board4e09.html]
[www.wellysis.com/bbs/boarda564.html]
[www.wellysis.com/bbs/board3e31.html]
[www.wellysis.com/bbs/board381b.html]
[www.wellysis.com/bbs/board6d9c.html]
[www.wellysis.com/bbs/boardfc40.html]
[www.wellysis.com/bbs/board0d1a.html]
[www.wellysis.com/bbs/board91ca.html]
[www.wellysis.com/bbs/boardbec3.html]
[www.wellysis.com/bbs/boardc5d0.html]
[www.wellysis.com/bbs/board1b66.html]
[www.wellysis.com/bbs/board8d03-2.html]
[www.wellysis.com/bbs/boarddf3b.html]
[www.wellysis.com/bbs/boardbf48.html]
[www.wellysis.com/bbs/board9406.html]
[www.wellysis.com/bbs/board5d2e.html]
[www.wellysis.com/bbs/board57d2.html]
[www.wellysis.com/bbs/boardff14.html]
[www.wellysis.com/bbs/board7bec.html]
[www.wellysis.com/bbs/board122f.html]
[www.wellysis.com/bbs/board8bf7.html]
[www.wellysis.com/bbs/boardbfce.html]
[www.wellysis.com/bbs/boarde380.html]
[www.wellysis.com/bbs/boardee14.html]
[www.wellysis.com/bbs/board7660.html]
[www.wellysis.com/bbs/board5d48.html]
[www.wellysis.com/bbs/boardd875.html]
[www.wellysis.com/bbs/board2c1b.html]
[www.wellysis.com/bbs/board4f01.html]
[www.wellysis.com/bbs/boardef5f.html]
[www.wellysis.com/bbs/board23cf.html]
[www.wellysis.com/bbs/board13d1.html]
[www.wellysis.com/bbs/board4e09.html]
[www.wellysis.com/bbs/board3e31.html]
[www.wellysis.com/bbs/board8609.html]
[www.wellysis.com/bbs/board6d9c.html]
[www.wellysis.com/bbs/board23fc.html]
[www.wellysis.com/bbs/board0d1a.html]
[www.wellysis.com/bbs/board9a25.html]
[www.wellysis.com/bbs/board1b66.html]
[www.wellysis.com/bbs/boardf4a9.html]
[www.wellysis.com/bbs/boardbf48.html]
[www.wellysis.com/bbs/board5d2e.html]
[www.wellysis.com/bbs/board0fe6.html]
[www.wellysis.com/bbs/boardd875.html]
[www.wellysis.com/bbs/board4f01.html]
[www.wellysis.com/bbs/boarda206.html]
[www.wellysis.com/bbs/board13d1.html]
[www.wellysis.com/bbs/board0c9b.html]
[www.wellysis.com/bbs/board8609.html]
[www.wellysis.com/bbs/board2b2c.html]
[www.wellysis.com/bbs/board23fc.html]
[www.wellysis.com/bbs/board9c97.html]
[www.wellysis.com/bbs/board9a25.html]
[www.wellysis.com/bbs/boardf4a9.html]
[www.wellysis.com/bbs/board6f11.html]
[www.wellysis.com/bbs/board0fe6.html]
[www.wellysis.com/bbs/boardd175.html]
[www.wellysis.com/bbs/boarda206.html]
[www.wellysis.com/bbs/boardffd6.html]
[www.wellysis.com/bbs/board0c9b.html]
[www.wellysis.com/bbs/boardb25a.html]
[www.wellysis.com/bbs/board2b2c.html]
[www.wellysis.com/bbs/board314b.html]
[www.wellysis.com/bbs/board9c97.html]
[www.wellysis.com/bbs/board715d.html]
[www.wellysis.com/bbs/board6f11.html]
[www.wellysis.com/bbs/board955b.html]
[www.wellysis.com/bbs/boardd175.html]
[www.wellysis.com/bbs/board7f4a.html]
[www.wellysis.com/bbs/boardffd6.html]
[www.wellysis.com/bbs/boardf3c3.html]
[www.wellysis.com/bbs/boardb25a.html]
[www.wellysis.com/bbs/board3398.html]
[www.wellysis.com/bbs/board314b.html]
[www.wellysis.com/bbs/board19f6.html]
[www.wellysis.com/bbs/board715d.html]
[www.wellysis.com/bbs/board0a86.html]
[www.wellysis.com/bbs/board955b.html]
[www.wellysis.com/bbs/board7f4a.html]
[www.wellysis.com/bbs/board4a65.html]
[www.wellysis.com/bbs/boardf3c3.html]
[www.wellysis.com/bbs/board9154.html]
[www.wellysis.com/bbs/board3398.html]
[www.wellysis.com/bbs/boarda32a.html]
[www.wellysis.com/bbs/board19f6.html]
[www.wellysis.com/bbs/boarde30b.html]
[www.wellysis.com/bbs/board0a86.html]
[www.wellysis.com/bbs/boarddb92.html]
[www.wellysis.com/bbs/board4a65.html]
[www.wellysis.com/bbs/board9154.html]
[www.wellysis.com/bbs/board3784.html]
[www.wellysis.com/bbs/boarda32a.html]
[www.wellysis.com/bbs/board08b3.html]
[www.wellysis.com/bbs/boarde30b.html]
[www.wellysis.com/bbs/board30c8.html]
[www.wellysis.com/bbs/boarddb92.html]
[www.wellysis.com/bbs/board3784.html]
[www.wellysis.com/bbs/boardb0fb.html]
[www.wellysis.com/bbs/board08b3.html]
[www.wellysis.com/bbs/board79c3.html]
[www.wellysis.com/bbs/board30c8.html]
[www.wellysis.com/bbs/board6dce.html]
[www.wellysis.com/bbs/boardb0fb.html]
[www.wellysis.com/bbs/board1e47.html]
[www.wellysis.com/bbs/board79c3.html]
[www.wellysis.com/bbs/board6dce.html]
[www.wellysis.com/bbs/board1e47.html]
